{
  "data": {
    "mediaByGuid": {
      "url": "",
      "properties": {
        "__typename": "EmptyPropertyType"
      },
      "urlSegment": null,
      "name": "My media",
      "id": 1141,
      "key": "01164aab-e1f7-4628-9e20-870b49951482",
      "templateId": -1,
      "parent": null,
      "__typename": "MediaItem"
    }
  }
}