{
  "data": {
    "publishAccessExampleQuery": {
      "permissions": {
        "urlLogin": "http://site-2.com/",
        "urlNoAccess": "/no-domain-site/",
        "accessRules": [
          {
            "ruleType": "MemberRole",
            "ruleValue": "Member group 1"
          }
        ]
      }
    }
  }
}